First map
60
60

wwwwwwwwwwwwwwwwwwwwwwwwwwwwwwwwwwwwwwwwwwwwwwwwwwwwwwwwwwww
wwwwwwwwwwwwgggggggggggggggggggggwwwwwwwwggggggwwwwwwwwwwwww
wwwwwwwwgggggggggggggggggggggggggwwwwwwggggggggggggggggggggw
wwwwwwwwgggggggggggggggggggggggggwwwwggggggggggggggggggggggw
wwwwwwwwgggggggggggggggggggggggggwwwwwgggggggggggggggggggggw
wwggwwwwggggggggggggggggggwwwwwwwwgggggggggggggggggggggggggw
wggwwwwwgggggggggggggggggggwwwwwwwwggggggggggggggggggggggggw
wwgggwwwggggggggggggggggggggggggwwwwwwgggggggggggggggggggggw
wwgggwwwgggggggggggggggwwwwwwwwwwwwwwwwwwggggggggggggggggggw
wgggggggggggggggggggwwwwwwwwwwwwggggggggwwwggggggggggggggggw
wggggggggggggggggggggggwwwwwwwwwggggwwwwwwgggggggggggggggggw
wggggggggggggggggggggggggggggwwwwwwwwwwggggggggggggggggggggw
wgggggggggggggggggggggggggggggggwwwwwwwggggggggggggggggggggw
wggggggggggggggggggggggggggggggggwwggggggggggggggggggggggggw
wgggggggggggggggggggggggggggggggwwwggggggggggggggggggggggggw
wggggggggggggggggggggggggggggggggggggggggggggggggggggggggggw
wggggggggggggggggggggggggggggggggggggggggggggggggggggggggggw
wggggggggggggggggggggggggggggggggggggggggggggggggggggggggggw
wggggggggggggggggggggggggggggggggggggggggggggggggggggggggggw
wggggggggggggggggggggggggggggggggggggggggggggggggggggggggggw
wggggggggggggggggggggggggggggggggggggggggggggggggggggggggggw
wggggggggggggggggggggggggggggggggggggggggggggggggggggggggggw
wggggggggggggggggggggggggggggggggggggggggggggggggggggggggggw
wggggggggggggggggggggggggggggggggggggggggggggggggggggggggggw
wggggggggggggggggggggggggggggggggggggggggggggggggggggggggggw
wggggggggggggggggggggggggggggggggggggggggggggggggggggggggggw
wggggggggggggggggggggggggggggggggggggggggggggggggggggggggggw
wggggggggggggggggggggggggggggggggggggggggggggggggggggggggggw
wggggggggggggggggggggggggggggggggggggggggggggggggggggggggggw
wggggggggggggggggggggggggggggggggggggggggggggggggggggggggggw
wggggggggggggggggggggggggggggggggggggggggggggggggggggggggggw
wggggggggggggggggggggggggggggggggggggggggggggggggggggggggggw
wggggggggggggggggggggggggggggggggggggggggggggggggggggggggggw
wgggggggggggggggggggwwwwwwwwwwwwggggggggwwwggggggggggggggggw
wggggggggggggggggggggggwwwwwwwwwggggwwwwwwgggggggggggggggggw
wggggggggggggggggggggggggggggwwwwwwwwwwggggggggggggggggggggw
wgggggggggggggggggggggggggggggggwwwwwwwggggggggggggggggggggw
wggggggggggggggggggggggggggggggggwwggggggggggggggggggggggggw
wgggggggggggggggggggggggggggggggwwwggggggggggggggggggggggggw
wgggggggggggggggggggggggggggggggwggggggggggggggggggggggggggw
wggggggggggggggggggggggggggggggggggggggggggggggggggggggggggw
wggggggggggggggggggggggggggggggggggggggggggggggggggggggggggw
wggggggggggggggggggggggggggggggggggggggggggggggggggggggggggw
wgggggggggggwwwwwwwwwwwwwwwwgggggggggggggggggggggggggggggggw
wgggggggggggggwwwwwwwwwwgggggggggggggggggggggggggggggggggggw
wggggggggggggggggwwwwwwwgggggggggggggggggggggggggggggggggggw
wgggggggggggggggggwwwggggggggggggggggggggggggggggggggggggggw
wgggggggggggggggggwwwggggggggggggggggggggggggggggggggggggggw
wggggggggggggggggggwwwwggggggggggggggggggggggggggggggggggggw
wggggggggggggggggggwwwwggggggggggggggggggggggggggggggggggggw
wggggggggggggggggggggwwwwwgggggggggggggggggggggggggggggggggw
wggggggggggggggggggggggggggggggggggggggggggggggggggggggggggw
wggggggggggggggggggggggggggggggggggggggggggggggggggggggggggw
wggggggggggggggggggggggggggggggggggggggggggggggggggggggggggw
wwggggggggggggggggggggggggggggggggggggggggggggggggggggwwwwww
wwwgggggggggggggggggggggggggggggggggggggggggggggggggggggwwww
wwwwggggggggggggggggggggggggggggggggggggggggggggggggggggwwww
wwwwwwwwggggggggggggggggggggggggggggggggggggggggggggwwwwwwww
wwwwwwwwwwwwgggggggggggggggggggggggggggggggggggwwwwwwwwwwwww
wwwwwwwwwwwwwwwwwwwwwwwwwwwwwwwwwwwwwwwwwwwwwwwwwwwwwwwwwwww

nnnnnnnnnnnnnnnnnnnnnnnnnnnnnnnnnnnnnnnnnnnnnnnnnnnnnnnnnnnn
nnnnnnnnnnnnnnnnnnnnnnnnnnnnnnnnnnnnnnnnnnnnnnnnnnnnnnnnnnnn
nnnnnnnnnnnnnnnnnnnnnnnnnnnnnnnnnnnnnnnnnnnnnnnsnnnnnnnnnnnn
nnnnnnnnnnnnnnnnnnnnnnnnnnnnnnnnnnnnnnnnnnnnnnnnnnnnnnnnnnnn
nnnnnnnnnnsnnnnnnnnnnnnnnnnnnnnnnnnnnncnnnnnnnnnnnnnnnnnnnnn
nncnnnnnnnnnnnnnnnnnnnnnnnnnnnnnnnnnnnnnnnnnnsnnnnnnnnnnnnnn
nnnnnnnnnnnnnnnnnnnnnnnnnnnnnnnnnnnnnnnnnnnnnnnnnnnnnnnnnnnn
nnnnnnnnnnnnncnnnnnnnnnnnnncnnnnnnnnnnnnnnnnnnnnnnnnnnnnnnnn
nnnnnnnnnnnnnnnnnnnnnnnnnnnnnnnnnnnnnnnnnnnnnnnnnnnnnnnnnnnn
nnnnnnnnnnnnnnnnnnnnnnnnnnnnnnnnnnnnnnnnnnnnnnnnnnnnnnnnnnnn
nnnnnnnnnnnnnnnnnnnnnnnnnnnnnnnnnnnnnnnnnnnnnnnnnnnnnnnnnnnn
nnnnnnnnnnnnnnnnnnnnnnnnnnnnnnnnnnnnnnnnnnnnnnnnnnnnnnnnnnnn
nnnnnnnnnnnnnnnnnnnnnnnnnnnncnnnnnnnnnnnnnnnnnnnnnnnnnnnnnnn
nnnnnnnnnnnnnnnnnnnnnnnnnnnnnnnnnnnnnnnnnnnnnnnnnnnnnnnnnnnn
nnnnnnnnnnnnnnnsnnnnnnnnnnnnnnnnnnnnnnnnnnnnnnnnnnnnnnnnnnnn
nnnnnnnnnnnnnnnnnnnnnnnnnnnnnnnnnnnnnnnnnnnnnnnnnnnnnnnnnnnn
nnnnnnnnnnnnnnnnnnnnnnnnnnnnnnnnnnnnnnnnnnnnnnnnnnnnnnnnnnnn
nnnnnnnnnnnnnnnnnnnnnnnnnnnnnnnnnnnnnnnnnnnnnnnnnnnnnnnnnnnn
nnnnnnnnnnnnnnnnnnnnnnnnnnnnnnnnnnnnnnnnnnsnnnnnnnnnnnnnnnnn
nnnnnnnnnnnnnnnnnnnnnnnnnnnnnnnnnnnnnnnnnnnnnnnnnnnnnnnnnnnn
nnnnnnnnnncnnnnnsnnnnnnnnnnnnnnnnnnnnnnncnnnnnnnnnnnnnnnnnnn
nnnnnnnnnnnnnnnnnnsnnnnnnnnnnnnnnnnnnnnnnnnnnnnnnnnnnnnnnnnn
nnnnnnnnnnnnnnnnnnnnnnnnnnnnnnnnnnnnnnnnnnnnnnnnnnnnnnnnnnnn
nnnnnnnnnnnnnnnnnnnnnnnnnnnnnnnnnnnnnnnnnnnnnnnnnncnnnnnnnnn
nnnnnnnncnnnnnnnnnnnnnnnnnnnnnnnnnnnnnnnnnnnnnnnnnnnnnnnnnnn
nnnnnnnnnsnnnnnnnnnnnncnnnnnnnnnnnnnnnnnnnnnnnnnnnnnnnnnnnnn
nnnnnnnnnnnnnnnnnnnnnnnnnnnnnnnnnnnncnnnnnnnnnnnnnnnnnnnnnnn
nnnnnnnnnnnnnnnnsnnnnnnnnnnnnnnnnnnnnnnnnnnnnnnnnnnnnnnnnnnn
nnnnnnnnnnnnnnnnnnnnnnnnnnnnnnnnnnnnnsnnnnnnnnnnnnnnnnnnnnnn
nnnnnnnnnnnnnnnnnnnnnnnnnnnnnnnnnnnnnnnnnnnnnnnnnnnnnnnnnnnn
nnnnnnnnnnnnnnnnnnnnnnnnnnnnnnnnnnnnnnnnnnnnnnnnnnnnnnnnnnnn
nnnnnnnnnnnnnnnnnnnnnnnnnnnnnnnnnnnnnnnnnnnnnnnnnsnnnnnnnnnn
nnnnnnnnnncnnnnnnnnnnnnnnnnnnnnnnnnnnnnnnnnnnnnnnnnnnnnnnnnn
nnnnnnnnnnnnnnnncnnnnnnnnnnnnnnnnnnnnnnnnnnnnnnnnnnnnnnnnnnn
nnnnnnnncnnnnnnnnnnnnnnnnnnnnnnnnnnnnnnnnnnsnnnnnnnnnnnnnnnn
nnnnnnnnnsnnnnnnnnnnnnnnnnnnnnnnnnnnnnnnnnnnnnnnnnnnnnnnnnnn
nnnnnnnnnnnnnnnnnnnnnnnnnnnnnnnnnnnnnnnnnnnnnnnnnnnnnnnnnnnn
nnnnnnnnnnnnnnnnnnnnnnnnnnnnnnnnnnnnnnnnnnnnnnnnnnnnnnnnnnnn
nnnnnnnnnnnnnnnnnnnnnnnnnnnnnnnnnnnnnnnnnnnnnnnnnnnnnnnnnnnn
nnnnnnnnnnnnnnnnnnnnnnnnnnnnnnnnnnnnnnnnnnnnnnnnnnnnnnnnnnnn
nnnnnnnnnnnnnnnnnnnnnnnnnnnnnnnnnnnnnnnnnnnnnnnnnnnnnnnnnnnn
nnnnnnnnnnnnnnnnnnnnnnnnnnnnnnnnnnnnnnnnsnnnnnnnnnnnnnnnnnnn
nnnnnnnnnnnnncnnnnnnnnnnnnnnnnnnnnnnnnnnnnnnnnnnnnnnnnnnnnnn
nnnnnnnnnnnnnnnnnnnnnnnnnnnnnnnnnnnnnnnnnnnnnnnnnnnnnnnnnnnn
nnnnnnnncnnnnnnnnnnnnnnnnnnnnnncnnnnnnnnnnnnnnnnnnnnnnnnnnnn
nnnnnnnnnsnnnnnnnnnnnnnnnnnnnnnnnnnnnnnnnnnnnnnnnnnnnnnnnnnn
nnnnnnnnnnnnnnnnnnnnnnnnnnnnnnnnnnnnnnnnnnnnnnnnnnnnnnnnnnnn
nnnnnnnnnnnnnnnnnnnnnnnnnnnnnnnnnnnnnnnnnnnnnnnnnnnnnnnnnnnn
nnnnnnnnnnnnnnnnnnnnnnnnnnnnnnnnnnnnnnnnnnnnnnnnnnnnnnnnnnnn
nnnnnnnnnnnnnnnnnnnnnnnnncnsnnnnnnnnnnnnnnnnnnnsnnnnnnnnnnnn
nnnnnnnnnnnnnnnnnnnnnnnnnnnnnnnnnnnnnnnnnnnnnnnnnnnnnnnnnnnn
nnnnnnnnnnnnnnnnnnnnnnnnnnnnnnnnnnnnncnnnnnnnnnnnnnnnnnnnnnn
nnnnnnnnnnnnnnnnnnnnnnnnnnnnnnnnnnnnnnnnnnnnnnnnnnnnnnnnnnnn
nnnnnnnnnnnnnnnnnnnnnnnnnncnnnnnnnnnnnnnnnnnnnnnnnnnnnnnnnnn
nnnnnnnncnnnnnnnnnnnnnnnnnnnnnnnnnnnnnnnnnnnnnnnnnnnnnnnnnnn
nnnnnnnnnsnnnnnnnnnnnnncnnnnnnnnnnnncnnnnnnnnnnnnnnnnnnnnnnn
nnnnnnnnnnnnnnnnnnnnnnnnnnnnnnnnnnnnnnnnnnnnnnnnnnnnnnnnnnnn
nnnnnnnnnnnnnnnnnnnnnnnnnncnnnnnnnnnnnnnnnnnnnnnnnnnnnnnnnnn
nnnnnnnnnnnnnnnnnnnnnnnnnnnnnnnnnnnnnnnnnnnnnnnnnnnnnnnnnnnn
nnnnnnnnnnnnnnnnnnnnnnnnnnnnnnnnnnnnnnnnnnnnnnnnnnnnnnnnnnnn
